=== simulating linear ===

[DONE linear] 500 cells x 110 genes | 116 GT edges | 20 TFs | effects: -1:27 1:89
=== simulating bifurcating ===

[DONE bifurcating] 500 cells x 124 genes | 146 GT edges | 34 TFs | effects: -1:28 1:118
=== simulating trifurcating ===

[DONE trifurcating] 500 cells x 141 genes | 179 GT edges | 51 TFs | effects: -1:44 1:135
=== simulating cycle ===

[DONE cycle] 500 cells x 110 genes | 115 GT edges | 20 TFs | effects: -1:30 1:85
=== simulating converging ===

[DONE converging] 500 cells x 106 genes | 134 GT edges | 16 TFs | effects: -1:37 1:97
=== simulating binary_tree ===

[DONE binary_tree] 500 cells x 125 genes | 149 GT edges | 35 TFs | effects: -1:30 1:119
Warning messages:
1: In params$fun(network = network, sim_meta = sim_meta, params = model$experiment_params,  :
  One of the branches did not obtain enough simulation steps.
  Increase the number of simulations (see `?simulation_default`) or decreasing the census interval (see `?simulation_default`).
2: In params$fun(network = network, sim_meta = sim_meta, params = model$experiment_params,  :
  One of the branches did not obtain enough simulation steps.
  Increase the number of simulations (see `?simulation_default`) or decreasing the census interval (see `?simulation_default`).
ALL SIMULATIONS DONE
